<html lang="en">
<head>
  <meta charset="UTF-8">
  <meta name="viewport" content="width=device-width, initial-scale=1.0">
  <title>Nothing else matters</title>
</head>
<body>
  <header>
    <span class="debug">header</span>
    header-content
  </header>
  <h1>Nothing else matters</h1>
  Hello world!
  <footer>
    <span class="debug">footer</span>
    footer-content
  </footer>
</body>
</html>