<h1>Nothing else matters</h1>

<footer>
footer-content
</footer>